*tabs.coffee:26
	alert "I knew it!"
	^

ReferenceError: alert is not defined
    at Object.eval (*tabs.coffee:26:2)
    at eval (*tabs.coffee:1:14)
    at Object.<anonymous> (*source_map_eval.js:*:*)

Node.js *
